// Jest Snapshot v1, https://goo.gl/fbAQLP

exports[`VinDecoderResults Component Tests component is hidden if rawResults prop is empty 1`] = `
<transition-stub
  name="slide-y-transition"
>
  <!---->
</transition-stub>
`;

exports[`VinDecoderResults Component Tests given rawResults, component renders the correct title and subtitle 1`] = `
<transition-stub
  name="slide-y-transition"
>
  <div
    class="results-card v-card v-card--raised v-sheet theme--light"
    style="max-width: 600px;"
  >
    <div
      class="v-card__title results-card__title mx-auto px-2 title"
    >
      <hr
        aria-orientation="horizontal"
        class="v-divider theme--light"
        role="separator"
      />
       
      <span
        class="mx-auto px-4"
      >
        
        2020 Volkswagen Jetta
        
      
      </span>
       
      <hr
        aria-orientation="horizontal"
        class="v-divider theme--light"
        role="separator"
      />
    </div>
     
    <div
      class="v-card__subtitle results-card__subtitle mx-auto px-2 title text-center"
    >
      
      TESTVIN
      
      <hr
        aria-orientation="horizontal"
        class="v-divider theme--light"
        role="separator"
      />
    </div>
     
    <div
      class="v-card__text"
    >
      <div
        class="v-data-table results-card__table v-data-table--fixed-header theme--light"
        max-width="600"
      >
        <div
          class="v-data-table__wrapper"
          style="height: 300px;"
        >
          <table>
            <thead>
              <tr>
                <th
                  class="text-left"
                >
                  Name
                </th>
                 
                <th
                  class="text-left"
                >
                  Value
                </th>
              </tr>
            </thead>
             
            <tbody>
              <tr>
                <td>
                  Make
                </td>
                 
                <td>
                  Volkswagen
                </td>
              </tr>
              <tr>
                <td>
                  Model
                </td>
                 
                <td>
                  Jetta
                </td>
              </tr>
              <tr>
                <td>
                  ModelYear
                </td>
                 
                <td>
                  2020
                </td>
              </tr>
              <tr>
                <td>
                  VIN
                </td>
                 
                <td>
                  TESTVIN
                </td>
              </tr>
            </tbody>
          </table>
        </div>
      </div>
    </div>
  </div>
</transition-stub>
`;

exports[`VinDecoderResults Component Tests if loading prop is true, a skeleton loader is shown in place of the results card 1`] = `
<transition-stub
  name="slide-y-transition"
>
  <div
    aria-busy="true"
    aria-live="polite"
    class="v-skeleton-loader results-loader v-skeleton-loader--is-loading theme--light"
    role="alert"
    style="max-width: 600px;"
  >
    <div
      class="v-skeleton-loader__card-heading v-skeleton-loader__bone"
    >
      <div
        class="v-skeleton-loader__heading v-skeleton-loader__bone"
      />
    </div>
    <div
      class="v-skeleton-loader__text v-skeleton-loader__bone"
    />
    <div
      class="v-skeleton-loader__text v-skeleton-loader__bone"
    />
    <div
      class="v-skeleton-loader__text v-skeleton-loader__bone"
    />
    <div
      class="v-skeleton-loader__text v-skeleton-loader__bone"
    />
    <div
      class="v-skeleton-loader__text v-skeleton-loader__bone"
    />
    <div
      class="v-skeleton-loader__text v-skeleton-loader__bone"
    />
    <div
      class="v-skeleton-loader__text v-skeleton-loader__bone"
    />
  </div>
</transition-stub>
`;
