// Jest Snapshot v1, https://goo.gl/fbAQLP

exports[`Layouts - default component matches snapshot 1`] = `
<div
  class="v-application v-application--is-ltr theme--dark"
  data-app="true"
  id="app"
>
  <div
    class="v-application--wrap"
  >
    <header
      class="v-sheet theme--dark v-toolbar v-app-bar v-app-bar--fixed"
      style="height: 64px; margin-top: 0px; transform: translateY(0px); left: 0px; right: 0px;"
    >
      <div
        class="v-toolbar__content"
        style="height: 64px;"
      >
        <div
          class="spacer"
        />
         
        <apptitlecard-stub
          class="display-1"
          header="[object Object]"
          subheader="[object Object]"
        />
         
        <div
          class="spacer"
        />
      </div>
    </header>
     
    <main
      class="v-main grey lighten-1"
      style="padding: 64px 0px 0px 0px;"
    >
      <div
        class="v-main__wrap"
      >
        <nuxt-stub />
      </div>
    </main>
     
    <footer
      class="v-footer text-center v-sheet theme--dark v-footer--fixed"
      style="left: 0px; right: 0px; bottom: 0px;"
    >
      <div
        class="row justify-center"
      >
        <a
          aria-label="Source Code URL"
          class="v-btn v-btn--flat v-btn--icon v-btn--round theme--dark elevation-1 v-size--default"
          href="https://github.com/ShaggyTech/vin-decoder"
          rel="noopener"
          target="_blank"
        >
          <span
            class="v-btn__content"
          >
            <span
              aria-hidden="true"
              class="v-icon notranslate v-icon--svg theme--dark secondary--text text--lighten-2"
              style="font-size: 32px; height: 32px; width: 32px;"
            >
              <svg
                aria-hidden="true"
                height="32px"
                role="img"
                viewBox="0 0 24 24"
                width="32px"
                xmlns="http://www.w3.org/2000/svg"
              >
                <path
                  d="M12,2A10,10 0 0,0 2,12C2,16.42 4.87,20.17 8.84,21.5C9.34,21.58 9.5,21.27 9.5,21C9.5,20.77 9.5,20.14 9.5,19.31C6.73,19.91 6.14,17.97 6.14,17.97C5.68,16.81 5.03,16.5 5.03,16.5C4.12,15.88 5.1,15.9 5.1,15.9C6.1,15.97 6.63,16.93 6.63,16.93C7.5,18.45 8.97,18 9.54,17.76C9.63,17.11 9.89,16.67 10.17,16.42C7.95,16.17 5.62,15.31 5.62,11.5C5.62,10.39 6,9.5 6.65,8.79C6.55,8.54 6.2,7.5 6.75,6.15C6.75,6.15 7.59,5.88 9.5,7.17C10.29,6.95 11.15,6.84 12,6.84C12.85,6.84 13.71,6.95 14.5,7.17C16.41,5.88 17.25,6.15 17.25,6.15C17.8,7.5 17.45,8.54 17.35,8.79C18,9.5 18.38,10.39 18.38,11.5C18.38,15.32 16.04,16.16 13.81,16.41C14.17,16.72 14.5,17.33 14.5,18.26C14.5,19.6 14.5,20.68 14.5,21C14.5,21.27 14.66,21.59 15.17,21.5C19.14,20.16 22,16.42 22,12A10,10 0 0,0 12,2Z"
                />
              </svg>
            </span>
          </span>
        </a>
         
        <div
          class="py-1 text-center subtitle-2 col col-12"
        >
          
        Made with 
          <strong>
            Vue.js
          </strong>
           and 
          <strong>
            Nuxt.js
          </strong>
           by
        
          <strong>
            Brandon Eichler
          </strong>
           - 2020
      
        </div>
      </div>
    </footer>
  </div>
</div>
`;
