// Jest Snapshot v1, https://goo.gl/fbAQLP

exports[`Layouts - default component matches snapshot 1`] = `
<div
  class="v-application v-application--is-ltr theme--dark"
  data-app="true"
  id="app"
>
  <div
    class="v-application--wrap"
  >
    <nav
      class="v-navigation-drawer v-navigation-drawer--close v-navigation-drawer--fixed v-navigation-drawer--is-mobile theme--dark"
      style="height: 100vh; top: 0px; transform: translateX(-100%); width: 256px;"
    >
      <div
        class="v-navigation-drawer__content"
      >
        <div
          class="v-list v-sheet theme--dark"
        >
          <router-link-stub
            class="v-list-item v-list-item--link theme--dark"
            router=""
            tabindex="0"
          >
            <div
              class="v-list-item__action"
            >
              <i
                aria-hidden="true"
                class="v-icon notranslate test test-icon-1 theme--dark"
              />
            </div>
             
            <div
              class="v-list-item__content"
            >
              <div
                class="v-list-item__title"
              >
                Test Page 1
              </div>
            </div>
          </router-link-stub>
          <router-link-stub
            class="v-list-item v-list-item--link theme--dark"
            router=""
            tabindex="0"
          >
            <div
              class="v-list-item__action"
            >
              <i
                aria-hidden="true"
                class="v-icon notranslate test test-icon-2 theme--dark"
              />
            </div>
             
            <div
              class="v-list-item__content"
            >
              <div
                class="v-list-item__title"
              >
                Test Page 2
              </div>
            </div>
          </router-link-stub>
        </div>
      </div>
      <div
        class="v-navigation-drawer__border"
      />
    </nav>
     
    <header
      class="v-sheet theme--dark v-toolbar v-app-bar v-app-bar--fixed"
      style="height: 64px; margin-top: 0px; transform: translateY(0px); left: 0px; right: 0px;"
    >
      <div
        class="v-toolbar__content"
        style="height: 64px;"
      >
        <button
          class="v-app-bar__nav-icon v-btn v-btn--flat v-btn--icon v-btn--round theme--dark v-size--default"
          type="button"
        >
          <span
            class="v-btn__content"
          >
            <i
              aria-hidden="true"
              class="v-icon notranslate mdi mdi-menu theme--dark"
            />
          </span>
        </button>
         
        <div
          class="spacer"
        />
         
        <div
          class="v-toolbar__title text-center"
        >
          ShaggyTech.com - VIN Decoder
        </div>
         
        <div
          class="spacer"
        />
         
        <button
          class="v-btn v-btn--flat v-btn--icon v-btn--round theme--dark v-size--default"
          type="button"
        >
          <span
            class="v-btn__content"
          >
            <i
              aria-hidden="true"
              class="v-icon notranslate mdi mdi-menu theme--dark"
            />
          </span>
        </button>
      </div>
    </header>
     
    <main
      class="v-main grey lighten-1"
      style="padding: 64px 0px 0px 0px;"
    >
      <div
        class="v-main__wrap"
      >
        <nuxt-stub />
      </div>
    </main>
     
    <aside
      class="v-navigation-drawer v-navigation-drawer--close v-navigation-drawer--fixed v-navigation-drawer--is-mobile v-navigation-drawer--right v-navigation-drawer--temporary theme--dark"
      style="height: 100%; top: 0px; transform: translateX(100%); width: 256px;"
    >
      <div
        class="v-navigation-drawer__content"
      >
        <div
          class="v-list v-sheet theme--dark"
          role="list"
        >
          <div
            class="v-list-item theme--dark"
            role="listitem"
            tabindex="-1"
          >
            <div
              class="v-list-item__action"
            >
              <i
                aria-hidden="true"
                class="v-icon notranslate mdi mdi-repeat theme--light"
              />
            </div>
             
            <div
              class="v-list-item__title"
            >
              Switch drawer (click me)
            </div>
          </div>
        </div>
      </div>
      <div
        class="v-navigation-drawer__border"
      />
    </aside>
     
    <footer
      class="v-footer text-center v-sheet theme--dark v-footer--fixed"
      style="left: 0px; right: 0px; bottom: 0px;"
    >
      <div
        class="text-center col col-12"
      >
        
      Made with ❤ by Brandon Eichler - ©
      2020
    
      </div>
    </footer>
  </div>
</div>
`;
